../Core/Src/main.c:109:13:sha256_compute	528	static
../Core/Src/main.c:229:12:bootloader_try_launch_app	80	static
../Core/Src/main.c:264:13:bootloader_jump_to_app	40	static,ignoring_inline_asm
../Core/Src/main.c:388:5:main	8	static
../Core/Src/main.c:439:6:SystemClock_Config	88	static
../Core/Src/main.c:485:13:MX_USART1_UART_Init	8	static
../Core/Src/main.c:518:13:MX_USART2_UART_Init	8	static
../Core/Src/main.c:551:13:MX_GPIO_Init	48	static
../Core/Src/main.c:624:6:Error_Handler	4	static,ignoring_inline_asm
../Core/Src/main.c:642:6:assert_failed	16	static
