../Core/Src/main.c:111:13:sha256_compute	528	static
../Core/Src/main.c:231:12:bootloader_try_launch_app	80	static
../Core/Src/main.c:266:13:bootloader_jump_to_app	40	static,ignoring_inline_asm
../Core/Src/main.c:390:5:main	8	static
../Core/Src/main.c:441:6:SystemClock_Config	88	static
../Core/Src/main.c:487:13:MX_USART1_UART_Init	8	static
../Core/Src/main.c:520:13:MX_USART2_UART_Init	8	static
../Core/Src/main.c:553:13:MX_GPIO_Init	48	static
../Core/Src/main.c:626:6:Error_Handler	4	static,ignoring_inline_asm
../Core/Src/main.c:644:6:assert_failed	16	static
